// 重构日志: cc0d13bd
// 重构日志: 27f8ebf5
// 重构日志: a1856a68
// 同步 ID: d834b478 @ Mon Jul 20 08:37:26 UTC 2026
// 同步 ID: 37d5e7c9 @ Mon Jul 20 17:35:05 UTC 2026
// 重构日志: 6fad243e
// 重构日志: c72cffcc
// 同步 ID: 2022f2dc @ Thu Jul 23 11:11:41 UTC 2026
// 重构日志: caa61801
// 重构日志: cc34305b
// 重构日志: d563e1f9
// 同步 ID: 66c73f2a @ Sat Jul 25 17:46:41 UTC 2026
// 同步 ID: 4b5222ca @ Sat Jul 25 23:07:43 UTC 2026
// 同步 ID: 007b3965 @ Sun Jul 26 10:27:06 UTC 2026
// 同步 ID: ef5d3964 @ Sun Jul 26 16:23:13 UTC 2026
// 重构日志: 2c0b6bef
// 重构日志: 6a23eaae
// 同步 ID: 9e7cdcfe @ Mon Jul 27 05:41:17 UTC 2026
// 同步 ID: c1f96baf @ Mon Jul 27 16:43:08 UTC 2026
// 重构日志: 7964fbfc
// 同步 ID: d654607b @ Tue Jul 28 06:53:20 UTC 2026
// 重构日志: 9ff5964a
// 同步 ID: ec20f338 @ Wed Jul 29 07:46:44 UTC 2026
// 同步 ID: ed77c7a6 @ Wed Jul 29 13:24:29 UTC 2026
// 重构日志: 85102a9c
// 重构日志: e05de6d9
// 重构日志: fcb98b02
// 同步 ID: b6ce75a1 @ Fri Jul 31 20:46:09 UTC 2026
// 重构日志: 25c5d508
// 同步 ID: 75b6be27 @ Sun Aug  2 15:51:02 UTC 2026
// 重构日志: 500f57bf
